# HELP go_gc_duration_seconds A summary of the pause duration of garbage collection cycles.
# TYPE go_gc_duration_seconds summary
go_gc_duration_seconds{quantile="0"} 5.33e-05
go_gc_duration_seconds{quantile="0.25"} 7.02e-05
go_gc_duration_seconds{quantile="0.5"} 7.62e-05
go_gc_duration_seconds{quantile="0.75"} 8.19e-05
go_gc_duration_seconds{quantile="1"} 0.0002649
go_gc_duration_seconds_sum 0.0005465
go_gc_duration_seconds_count 5
# HELP go_goroutines Number of goroutines that currently exist.
# TYPE go_goroutines gauge
go_goroutines 20
# HELP go_info Information about the Go environment.
# TYPE go_info gauge
go_info{version="go1.16.4"} 1
# HELP go_memstats_alloc_bytes Number of bytes allocated and still in use.
# TYPE go_memstats_alloc_bytes gauge
go_memstats_alloc_bytes 2.190792e+06
# HELP go_memstats_alloc_bytes_total Total number of bytes allocated, even if freed.
# TYPE go_memstats_alloc_bytes_total counter
go_memstats_alloc_bytes_total 1.3021104e+07
# HELP go_memstats_buck_hash_sys_bytes Number of bytes used by the profiling bucket hash table.
# TYPE go_memstats_buck_hash_sys_bytes gauge
go_memstats_buck_hash_sys_bytes 1.4465e+06
# HELP go_memstats_frees_total Total number of frees.
# TYPE go_memstats_frees_total counter
go_memstats_frees_total 171523
# HELP go_memstats_gc_cpu_fraction The fraction of this program's available CPU time used by the GC since the program started.
# TYPE go_memstats_gc_cpu_fraction gauge
go_memstats_gc_cpu_fraction 1.6211580367810133e-05
# HELP go_memstats_gc_sys_bytes Number of bytes used for garbage collection system metadata.
# TYPE go_memstats_gc_sys_bytes gauge
go_memstats_gc_sys_bytes 5.256536e+06
# HELP go_memstats_heap_alloc_bytes Number of heap bytes allocated and still in use.
# TYPE go_memstats_heap_alloc_bytes gauge
go_memstats_heap_alloc_bytes 2.190792e+06
# HELP go_memstats_heap_idle_bytes Number of heap bytes waiting to be used.
# TYPE go_memstats_heap_idle_bytes gauge
go_memstats_heap_idle_bytes 6.2644224e+07
# HELP go_memstats_heap_inuse_bytes Number of heap bytes that are in use.
# TYPE go_memstats_heap_inuse_bytes gauge
go_memstats_heap_inuse_bytes 3.940352e+06
# HELP go_memstats_heap_objects Number of allocated objects.
# TYPE go_memstats_heap_objects gauge
go_memstats_heap_objects 5919
# HELP go_memstats_heap_released_bytes Number of heap bytes released to OS.
# TYPE go_memstats_heap_released_bytes gauge
go_memstats_heap_released_bytes 6.1988864e+07
# HELP go_memstats_heap_sys_bytes Number of heap bytes obtained from system.
# TYPE go_memstats_heap_sys_bytes gauge
go_memstats_heap_sys_bytes 6.6584576e+07
# HELP go_memstats_last_gc_time_seconds Number of seconds since 1970 of last garbage collection.
# TYPE go_memstats_last_gc_time_seconds gauge
go_memstats_last_gc_time_seconds 1.630402065852694e+09
# HELP go_memstats_lookups_total Total number of pointer lookups.
# TYPE go_memstats_lookups_total counter
go_memstats_lookups_total 0
# HELP go_memstats_mallocs_total Total number of mallocs.
# TYPE go_memstats_mallocs_total counter
go_memstats_mallocs_total 177442
# HELP go_memstats_mcache_inuse_bytes Number of bytes in use by mcache structures.
# TYPE go_memstats_mcache_inuse_bytes gauge
go_memstats_mcache_inuse_bytes 6000
# HELP go_memstats_mcache_sys_bytes Number of bytes used for mcache structures obtained from system.
# TYPE go_memstats_mcache_sys_bytes gauge
go_memstats_mcache_sys_bytes 16384
# HELP go_memstats_mspan_inuse_bytes Number of bytes in use by mspan structures.
# TYPE go_memstats_mspan_inuse_bytes gauge
go_memstats_mspan_inuse_bytes 99008
# HELP go_memstats_mspan_sys_bytes Number of bytes used for mspan structures obtained from system.
# TYPE go_memstats_mspan_sys_bytes gauge
go_memstats_mspan_sys_bytes 114688
# HELP go_memstats_next_gc_bytes Number of heap bytes when next garbage collection will take place.
# TYPE go_memstats_next_gc_bytes gauge
go_memstats_next_gc_bytes 4.194304e+06
# HELP go_memstats_other_sys_bytes Number of bytes used for other system allocations.
# TYPE go_memstats_other_sys_bytes gauge
go_memstats_other_sys_bytes 1.113164e+06
# HELP go_memstats_stack_inuse_bytes Number of bytes in use by the stack allocator.
# TYPE go_memstats_stack_inuse_bytes gauge
go_memstats_stack_inuse_bytes 524288
# HELP go_memstats_stack_sys_bytes Number of bytes obtained from system for stack allocator.
# TYPE go_memstats_stack_sys_bytes gauge
go_memstats_stack_sys_bytes 524288
# HELP go_memstats_sys_bytes Number of bytes obtained from system.
# TYPE go_memstats_sys_bytes gauge
go_memstats_sys_bytes 7.5056136e+07
# HELP go_threads Number of OS threads created.
# TYPE go_threads gauge
go_threads 9
# HELP process_cpu_seconds_total Total user and system CPU time spent in seconds.
# TYPE process_cpu_seconds_total counter
process_cpu_seconds_total 0.15
# HELP process_max_fds Maximum number of open file descriptors.
# TYPE process_max_fds gauge
process_max_fds 1.048576e+06
# HELP process_open_fds Number of open file descriptors.
# TYPE process_open_fds gauge
process_open_fds 12
# HELP process_resident_memory_bytes Resident memory size in bytes.
# TYPE process_resident_memory_bytes gauge
process_resident_memory_bytes 2.4457216e+07
# HELP process_start_time_seconds Start time of the process since unix epoch in seconds.
# TYPE process_start_time_seconds gauge
process_start_time_seconds 1.6304020056e+09
# HELP process_virtual_memory_bytes Virtual memory size in bytes.
# TYPE process_virtual_memory_bytes gauge
process_virtual_memory_bytes 8.63649792e+08
# HELP process_virtual_memory_max_bytes Maximum amount of virtual memory available in bytes.
# TYPE process_virtual_memory_max_bytes gauge
process_virtual_memory_max_bytes 1.8446744073709552e+19
# HELP produce_api_histogram 生产环境的接口耗时分位统计（模拟）
# TYPE produce_api_histogram histogram
produce_api_histogram_bucket{l_ret="200",l_url="/api/search",le="0.01"} 0
produce_api_histogram_bucket{l_ret="200",l_url="/api/search",le="0.1"} 0
produce_api_histogram_bucket{l_ret="200",l_url="/api/search",le="1"} 0
produce_api_histogram_bucket{l_ret="200",l_url="/api/search",le="2"} 1
produce_api_histogram_bucket{l_ret="200",l_url="/api/search",le="5"} 2
produce_api_histogram_bucket{l_ret="200",l_url="/api/search",le="10"} 4
produce_api_histogram_bucket{l_ret="200",l_url="/api/search",le="30"} 4
produce_api_histogram_bucket{l_ret="200",l_url="/api/search",le="+Inf"} 5
produce_api_histogram_sum{l_ret="200",l_url="/api/search"} 126
produce_api_histogram_count{l_ret="200",l_url="/api/search"} 5
# HELP produce_api_status 生产环境的接口调用情况（模拟）
# TYPE produce_api_status counter
produce_api_status{ret="200",url="/api/add"} 14
produce_api_status{ret="200",url="/api/search"} 53
produce_api_status{ret="500",url="/api/search"} 10
# HELP produce_api_summary 生产环境的接口耗时汇总（模拟）
# TYPE produce_api_summary summary
produce_api_summary{ret="200",url="/api/search",quantile="0.5"} 4
produce_api_summary{ret="200",url="/api/search",quantile="0.9"} 112
produce_api_summary{ret="200",url="/api/search",quantile="0.99"} 112
produce_api_summary_sum{ret="200",url="/api/search"} 127
produce_api_summary_count{ret="200",url="/api/search"} 5
# HELP produce_machine_status 当前生产环境机器的性能（模拟）
# TYPE produce_machine_status gauge
produce_machine_status{type="cpu"} 29.311424455385804
produce_machine_status{type="memory"} 29.708256355629153
# HELP promhttp_metric_handler_requests_in_flight Current number of scrapes being served.
# TYPE promhttp_metric_handler_requests_in_flight gauge
promhttp_metric_handler_requests_in_flight 1
# HELP promhttp_metric_handler_requests_total Total number of scrapes by HTTP status code.
# TYPE promhttp_metric_handler_requests_total counter
promhttp_metric_handler_requests_total{code="200"} 6
promhttp_metric_handler_requests_total{code="500"} 0
promhttp_metric_handler_requests_total{code="503"} 0
# HELP weibo_hotdata 微博热搜数据实时刷新
# TYPE weibo_hotdata gauge
weibo_hotdata{topic="19岁尿毒症女孩直播维生"} 169608
weibo_hotdata{topic="丁真回到村里有多开心"} 336481
weibo_hotdata{topic="丈夫用假证被查妻子3次向交警塞钱"} 166647
weibo_hotdata{topic="中国空军两个不怕回应外军挑衅"} 499872
weibo_hotdata{topic="于途成宜兴一中校友"} 294296
weibo_hotdata{topic="云南虫谷里的下蛊是真的吗"} 268422
weibo_hotdata{topic="仍有100多名美国人滞留阿富汗"} 310814
weibo_hotdata{topic="住建部介绍努力实现全体人民住有所居情况"} 483580
weibo_hotdata{topic="住建部谈青年买不起租不好房"} 1.006789e+06
weibo_hotdata{topic="你开学前一天的打扮"} 323894
weibo_hotdata{topic="刘国梁晋江在逃写手"} 409463
weibo_hotdata{topic="原来张继科是跨界歌王季军"} 335890
weibo_hotdata{topic="双探定档"} 163818
weibo_hotdata{topic="台军战机降落时刹不住车一头栽土里"} 487877
weibo_hotdata{topic="台州无名女尸案凶手系死者丈夫"} 499059
weibo_hotdata{topic="吉克隽逸说回大凉山才是回家"} 195813
weibo_hotdata{topic="喀布尔机场爆炸幸存者控诉美军开枪"} 160492
weibo_hotdata{topic="喜欢汤泡饭的水獭"} 261656
weibo_hotdata{topic="女子做养生汤形似病毒"} 496735
weibo_hotdata{topic="妈妈带儿看病被查出患同一种癌"} 162944
weibo_hotdata{topic="婆婆的镯子是假的"} 496804
weibo_hotdata{topic="安心变美计划"} 0
weibo_hotdata{topic="少年回应三年前倒挂6次救女孩"} 724284
weibo_hotdata{topic="山东省出现炭疽死亡病例"} 500582
weibo_hotdata{topic="开学不惑"} 0
weibo_hotdata{topic="张艺兴偶像和演员都要有态度"} 626033
weibo_hotdata{topic="忘记涂牙齿了"} 615683
weibo_hotdata{topic="成都大学将与四川科技职工大学合并"} 492268
weibo_hotdata{topic="我们的歌第三季官宣定档"} 503660
weibo_hotdata{topic="我国建成世界上最大住房保障体系"} 497732
weibo_hotdata{topic="扫黑风暴菜霸原型为何能横行30年"} 341047
weibo_hotdata{topic="把家装修成了教室"} 350506
weibo_hotdata{topic="春来枕星河开播"} 247724
weibo_hotdata{topic="李子柒报警"} 180764
weibo_hotdata{topic="梁咏琪宣布将暂别乐坛"} 481772
weibo_hotdata{topic="烟织大婚"} 324730
weibo_hotdata{topic="男子相亲找老伴见面现场果断报警"} 259602
weibo_hotdata{topic="男子赌博6小时花光100万员工工资"} 532849
weibo_hotdata{topic="终于懂为啥总说睡得像猪了"} 370618
weibo_hotdata{topic="美国驻阿富汗大使馆宣布暂停运作"} 336868
weibo_hotdata{topic="耿爽说应追究美在阿富汗滥杀无辜的刑责"} 162891
weibo_hotdata{topic="聂海胜从太空拍的北京夜景"} 2.006397e+06
weibo_hotdata{topic="自己活得还不如一只猫"} 258572
weibo_hotdata{topic="蔡徐坤工作室道歉"} 499353
weibo_hotdata{topic="薇娅带货的低脂全麦欧包低标能量"} 226943
weibo_hotdata{topic="西北小伙花十年把沙葱带出戈壁"} 497684
weibo_hotdata{topic="西安地铁回应女乘客被保安拖拽"} 498201
weibo_hotdata{topic="解放军仪仗大队用特殊步伐迎接烈士遗骸"} 500395
weibo_hotdata{topic="躲在毛巾下忍受疼痛的马龙"} 350321
weibo_hotdata{topic="近半上海市民不愿生二胎"} 475547
weibo_hotdata{topic="这张图居然是画的"} 470589
weibo_hotdata{topic="韩国男子出狱后切断电子脚链杀2女"} 295599
weibo_hotdata{topic="马龙许昕樊振东全运会证件照"} 474114
